###############################################################################
#
# IAR ELF Linker V9.10.2.313/W64 for ARM                  17/Aug/2021  19:18:59
# Copyright 2007-2021 IAR Systems AB.
#
#    Output file  =
#        C:\Users\Usuario\Desktop\Projetos_TIVA\TM4C1294_RTOS_IAR9-main - aula
#        6\TM4C1294_RTOS_IAR9-main - aula
#        6\Projects\prodcons\ewarm\Exe\prodcons.out
#    Map file     =
#        C:\Users\Usuario\Desktop\Projetos_TIVA\TM4C1294_RTOS_IAR9-main - aula
#        6\TM4C1294_RTOS_IAR9-main - aula
#        6\Projects\prodcons\ewarm\List\prodcons.map
#    Command line =
#        -f "C:\Users\Usuario\Desktop\Projetos_TIVA\TM4C1294_RTOS_IAR9-main -
#        aula 6\TM4C1294_RTOS_IAR9-main - aula
#        6\Projects\prodcons\ewarm\Exe\prodcons.out.rsp"
#        ("C:\Users\Usuario\Desktop\Projetos_TIVA\TM4C1294_RTOS_IAR9-main -
#        aula 6\TM4C1294_RTOS_IAR9-main - aula
#        6\Projects\prodcons\ewarm\Obj\driverbuttons.o"
#        "C:\Users\Usuario\Desktop\Projetos_TIVA\TM4C1294_RTOS_IAR9-main - aula
#        6\TM4C1294_RTOS_IAR9-main - aula
#        6\Projects\prodcons\ewarm\Obj\driverleds.o"
#        "C:\Users\Usuario\Desktop\Projetos_TIVA\TM4C1294_RTOS_IAR9-main - aula
#        6\TM4C1294_RTOS_IAR9-main - aula
#        6\TivaWare_C_Series-2.1.4.178\driverlib\ewarm\Exe\driverlib.a"
#        "C:\Users\Usuario\Desktop\Projetos_TIVA\TM4C1294_RTOS_IAR9-main - aula
#        6\TM4C1294_RTOS_IAR9-main - aula
#        6\Projects\prodcons\ewarm\Obj\prodcons.o"
#        "C:\Users\Usuario\Desktop\Projetos_TIVA\TM4C1294_RTOS_IAR9-main - aula
#        6\TM4C1294_RTOS_IAR9-main - aula
#        6\CMSIS-5.6.0\CMSIS\RTOS2\RTX\Library\IAR\IDE\CM4F\Exe\RTX_CM.a"
#        "C:\Users\Usuario\Desktop\Projetos_TIVA\TM4C1294_RTOS_IAR9-main - aula
#        6\TM4C1294_RTOS_IAR9-main - aula
#        6\Projects\prodcons\ewarm\Obj\RTX_Config.o"
#        "C:\Users\Usuario\Desktop\Projetos_TIVA\TM4C1294_RTOS_IAR9-main - aula
#        6\TM4C1294_RTOS_IAR9-main - aula
#        6\Projects\prodcons\ewarm\Obj\rtx_lib.o"
#        "C:\Users\Usuario\Desktop\Projetos_TIVA\TM4C1294_RTOS_IAR9-main - aula
#        6\TM4C1294_RTOS_IAR9-main - aula
#        6\Projects\prodcons\ewarm\Obj\startup_TM4C1294.o"
#        "C:\Users\Usuario\Desktop\Projetos_TIVA\TM4C1294_RTOS_IAR9-main - aula
#        6\TM4C1294_RTOS_IAR9-main - aula
#        6\Projects\prodcons\ewarm\Obj\system_TM4C1294_TW.o" --no_out_extension
#        -o "C:\Users\Usuario\Desktop\Projetos_TIVA\TM4C1294_RTOS_IAR9-main -
#        aula 6\TM4C1294_RTOS_IAR9-main - aula
#        6\Projects\prodcons\ewarm\Exe\prodcons.out" --map
#        "C:\Users\Usuario\Desktop\Projetos_TIVA\TM4C1294_RTOS_IAR9-main - aula
#        6\TM4C1294_RTOS_IAR9-main - aula
#        6\Projects\prodcons\ewarm\List\prodcons.map" --config "C:\Program
#        Files\IAR Systems\Embedded Workbench
#        9.0\arm\config\linker\TexasInstruments\TM4C1294NC.icf" --semihosting
#        --entry __iar_program_start --vfe --text_out locale)
#
###############################################################################

*******************************************************************************
*** RUNTIME MODEL ATTRIBUTES
***

CppFlavor       = *
__SystemLibrary = DLib
__dlib_version  = 6


*******************************************************************************
*** HEAP SELECTION
***

The basic heap was selected because some modules are built with
size limitations (and not runtime checking), and --advanced_heap
was not specified.


*******************************************************************************
*** PLACEMENT SUMMARY
***

"A0":  place at address 0x0 { ro section .intvec };
"P1":  place in [from 0x0 to 0xf'ffff] { ro };
define block CSTACK with size = 32K, alignment = 8 { };
define block HEAP with size = 64K, alignment = 8 { };
"P2":  place in [from 0x2000'0000 to 0x2003'ffff] {
          rw, block CSTACK, block HEAP };
initialize by copy { rw };

  Section               Kind         Address    Size  Object
  -------               ----         -------    ----  ------
"A0":                                          0x3c0
  .intvec               ro code          0x0   0x3c0  startup_TM4C1294.o [1]
                                     - 0x3c0   0x3c0

"P1":                                         0x2e11
  .text                 ro code        0x3c0   0x7e0  rtx_thread.o [2]
  .text                 ro code        0xba0     0x2  rtx_evr.o [2]
  .text                 ro code        0xba2     0x2  rtx_evr.o [2]
  .text                 ro code        0xba4     0x2  rtx_evr.o [2]
  .text                 ro code        0xba6     0x2  rtx_evr.o [2]
  .text                 ro code        0xba8     0x2  rtx_evr.o [2]
  .text                 ro code        0xbaa     0x2  rtx_evr.o [2]
  .text                 ro code        0xbac     0x2  rtx_evr.o [2]
  .text                 ro code        0xbae     0x2  rtx_evr.o [2]
  .text                 ro code        0xbb0     0x2  rtx_evr.o [2]
  .text                 ro code        0xbb2     0x2  rtx_evr.o [2]
  .text                 ro code        0xbb4    0x28  rtx_thread.o [2]
  .text                 ro code        0xbdc     0x2  rtx_evr.o [2]
  .text                 ro code        0xbde     0x2  rtx_evr.o [2]
  .text                 ro code        0xbe0     0x2  rtx_evr.o [2]
  .text                 ro code        0xbe2    0x3a  packbits_init_single.o [5]
  .text                 ro code        0xc1c    0xe6  rtx_mempool.o [2]
  .text                 ro code        0xd02     0x2  rtx_evr.o [2]
  .text                 ro code        0xd04    0x84  rtx_memory.o [2]
  .text                 ro code        0xd88     0x6  ABImemclr4.o [5]
  .text                 ro code        0xd8e     0x2  rtx_evr.o [2]
  .text                 ro code        0xd90    0x4a  rtx_memory.o [2]
  .text                 ro code        0xdda     0x2  RTX_Config.o [1]
  .text                 ro code        0xddc   0x34c  rtx_mutex.o [2]
  .text                 ro code       0x1128     0x2  rtx_evr.o [2]
  .text                 ro code       0x112a     0x2  rtx_evr.o [2]
  .text                 ro code       0x112c     0x2  rtx_evr.o [2]
  .text                 ro code       0x112e     0x2  rtx_evr.o [2]
  .text                 ro code       0x1130     0x2  rtx_evr.o [2]
  .text                 ro code       0x1132     0x2  RTX_Config.o [1]
  .text                 ro code       0x1134     0x2  rtx_evr.o [2]
  .text                 ro code       0x1136     0x2  rtx_evr.o [2]
  .text                 ro code       0x1138     0x2  rtx_evr.o [2]
  .text                 ro code       0x113a     0x2  rtx_evr.o [2]
  .text                 ro code       0x113c    0x32  ABImemset48.o [5]
  .text                 ro code       0x116e     0x2  rtx_evr.o [2]
  .text                 ro code       0x1170     0x2  rtx_evr.o [2]
  .text                 ro code       0x1172     0x2  rtx_evr.o [2]
  .text                 ro code       0x1174     0x2  rtx_evr.o [2]
  .text                 ro code       0x1176     0x2  rtx_evr.o [2]
  .text                 ro code       0x1178     0x2  rtx_evr.o [2]
  .text                 ro code       0x117a     0x2  rtx_evr.o [2]
  .text                 ro code       0x117c     0x2  rtx_evr.o [2]
  .text                 ro code       0x117e     0x2  rtx_evr.o [2]
  .text                 ro code       0x1180     0x2  rtx_evr.o [2]
  .text                 ro code       0x1182     0x2  startup_TM4C1294.o [1]
  .text                 ro code       0x1184   0x67c  rtx_msgqueue.o [2]
  .text                 ro code       0x1800    0xa6  ABImemcpy.o [5]
  .text                 ro code       0x18a6     0x2  rtx_evr.o [2]
  .text                 ro code       0x18a8     0x2  rtx_evr.o [2]
  .text                 ro code       0x18aa     0x2  rtx_evr.o [2]
  .text                 ro code       0x18ac     0x6  ABImemclr.o [5]
  .text                 ro code       0x18b2     0x2  rtx_evr.o [2]
  .text                 ro code       0x18b4     0x2  rtx_evr.o [2]
  .text                 ro code       0x18b6     0x2  rtx_evr.o [2]
  .text                 ro code       0x18b8     0x2  rtx_evr.o [2]
  .text                 ro code       0x18ba     0x2  rtx_evr.o [2]
  .text                 ro code       0x18bc     0x2  rtx_evr.o [2]
  .text                 ro code       0x18be     0x2  rtx_evr.o [2]
  .text                 ro code       0x18c0     0x2  rtx_evr.o [2]
  .text                 ro code       0x18c4   0x174  rtx_system.o [2]
  .text                 ro code       0x1a38     0x2  rtx_evr.o [2]
  .text                 ro code       0x1a3a     0x2  rtx_evr.o [2]
  .text                 ro code       0x1a3c    0x5e  ABImemset.o [5]
  .text                 ro code       0x1a9c     0xc  os_systick.o [2]
  .text                 ro code       0x1aa8   0x36c  prodcons.o [1]
  .text                 ro code       0x1e14   0x25a  gpio.o [4]
  .text                 ro code       0x2070   0x14c  driverleds.o [1]
  .text                 ro code       0x21bc   0x2c8  rtx_kernel.o [2]
  .text                 ro code       0x2484    0x7c  rtx_delay.o [2]
  .text                 ro code       0x2500    0x2c  system_TM4C1294_TW.o [1]
  .text                 ro code       0x252c    0xcc  driverbuttons.o [1]
  .text                 ro code       0x25f8   0x108  interrupt.o [4]
  .text                 ro code       0x2700   0x2a0  sysctl.o [4]
  .text                 ro code       0x29a0     0x2  rtx_evr.o [2]
  .text                 ro code       0x29a2    0x44  rtx_memory.o [2]
  .text                 ro code       0x29e6     0x2  rtx_evr.o [2]
  .text                 ro code       0x29e8     0x2  rtx_evr.o [2]
  .text                 ro code       0x29ec    0x40  os_systick.o [2]
  .text                 ro code       0x2a2c     0x6  os_systick.o [2]
  .text                 ro code       0x2a34    0x2c  os_systick.o [2]
  .text                 ro code       0x2a60     0x2  rtx_evr.o [2]
  .text                 ro code       0x2a62     0x2  rtx_lib.o [1]
  .text                 ro code       0x2a64     0x2  rtx_evr.o [2]
  .text                 ro code       0x2a66     0x2  rtx_evr.o [2]
  .text                 ro code       0x2a68     0x2  rtx_evr.o [2]
  .text                 ro code       0x2a6a     0x2  rtx_evr.o [2]
  .text                 ro code       0x2a6c     0x2  rtx_evr.o [2]
  .text                 ro code       0x2a6e     0x2  rtx_evr.o [2]
  .text                 ro code       0x2a70     0x2  rtx_evr.o [2]
  .rodata               const         0x2a74   0x1b0  sysctl.o [4]
  .rodata               const         0x2c24   0x198  gpio.o [4]
  .text                 ro code       0x2dbc    0xc4  irq_cm4f.o [2]
  .text                 ro code       0x2e80    0x90  rtx_timer.o [2]
  .rodata               const         0x2f10    0x6c  sysctl.o [4]
  .rodata               const         0x2f7c    0x68  rtx_lib.o [1]
  .text                 ro code       0x2fe4    0x44  rtx_timer.o [2]
  .text                 ro code       0x3028     0x2  rtx_evr.o [2]
  .text                 ro code       0x302a    0x38  zero_init3.o [5]
  .rodata               const         0x3064    0x30  sysctl.o [4]
  .text                 ro code       0x3094    0x28  data_init.o [5]
  .rodata               const         0x30bc    0x24  rtx_lib.o [1]
  .rodata               const         0x30e0    0x24  rtx_lib.o [1]
  .iar.init_table       const         0x3104    0x20  - Linker created -
  .text                 ro code       0x3124    0x1e  cmain.o [5]
  .text                 ro code       0x3142     0x4  low_level_init.o [3]
  .text                 ro code       0x3146     0x4  exit.o [3]
  .text                 ro code       0x314c     0xa  cexit.o [5]
  .text                 ro code       0x3158    0x14  exit.o [6]
  .text                 ro code       0x316c    0x1c  cstartup_M.o [5]
  .text                 ro code       0x3188    0x14  startup_TM4C1294.o [1]
  .rodata               const         0x319c    0x18  rtx_lib.o [1]
  .rodata               const         0x31b4     0xc  prodcons.o [1]
  .rodata               const         0x31c0     0x4  rtx_lib.o [1]
  .rodata               const         0x31c4     0x0  zero_init3.o [5]
  .rodata               const         0x31c4     0x0  packbits_init_single.o [5]
  Initializer bytes     const         0x31c4     0xd  <for P2-1>
                                    - 0x31d1  0x2e11

"P2", part 1 of 3:                              0xa4
  P2-1                           0x2000'0000    0xa4  <Init block>
    .data.os            inited   0x2000'0000    0xa4  rtx_kernel.o [2]
                               - 0x2000'00a4    0xa4

"P2", part 2 of 3:                            0x13bc
  .bss.os               zero     0x2000'00a8  0x1000  rtx_lib.o [1]
  .bss.os.thread.stack  zero     0x2000'10a8   0x100  rtx_lib.o [1]
  .bss.os.thread.stack  zero     0x2000'11a8   0x100  rtx_lib.o [1]
  .bss                  zero     0x2000'12a8    0x68  prodcons.o [1]
  .bss.os.msgqueue.mem  zero     0x2000'1310    0x50  rtx_lib.o [1]
  .bss.os.thread.cb     zero     0x2000'1360    0x44  rtx_lib.o [1]
  .bss.os.thread.cb     zero     0x2000'13a4    0x44  rtx_lib.o [1]
  .bss.os               zero     0x2000'13e8    0x40  rtx_lib.o [1]
  .bss.os.msgqueue.cb   zero     0x2000'1428    0x34  rtx_lib.o [1]
  .bss                  zero     0x2000'145c     0x1  os_systick.o [2]
                               - 0x2000'145d  0x13b9

"P2", part 3 of 3:                            0x8270
  VTABLE                uninit   0x2000'1800   0x26c  interrupt.o [4]
  .noinit               uninit   0x2000'1a6c     0x4  system_TM4C1294_TW.o [1]
  CSTACK                         0x2000'1a70  0x8000  <Block>
    CSTACK              uninit   0x2000'1a70  0x8000  <Block tail>
                               - 0x2000'9a70  0x8270

Unused ranges:

         From           To      Size
         ----           --      ----
       0x31d1     0xf'ffff  0xf'ce2f
  0x2000'1460  0x2000'17ff     0x3a0
  0x2000'9a70  0x2003'ffff  0x3'6590


*******************************************************************************
*** INIT TABLE
***

          Address      Size
          -------      ----
Zero (__iar_zero_init3)
    1 destination range, total size 0x13b5:
          0x2000'00a8  0x13b5

Copy/packbits (__iar_packbits_init_single3)
    1 source range, total size 0xd (7% of destination):
               0x31c4     0xd
    1 destination range, total size 0xa4:
          0x2000'0000    0xa4



*******************************************************************************
*** MODULE SUMMARY
***

    Module                  ro code  ro data  rw data
    ------                  -------  -------  -------
command line/config:
    -------------------------------------------------
    Total:

C:\Users\Usuario\Desktop\Projetos_TIVA\TM4C1294_RTOS_IAR9-main - aula 6\TM4C1294_RTOS_IAR9-main - aula 6\Projects\prodcons\ewarm\Obj: [1]
    RTX_Config.o                  4
    driverbuttons.o             204
    driverleds.o                332
    prodcons.o                  876       12      104
    rtx_lib.o                     2      204    4'940
    startup_TM4C1294.o          982
    system_TM4C1294_TW.o         44                 4
    -------------------------------------------------
    Total:                    2'444      216    5'048

RTX_CM.a: [2]
    irq_cm4f.o                  196
    os_systick.o                126                 1
    rtx_delay.o                 124
    rtx_evr.o                   118
    rtx_kernel.o                712       13      164
    rtx_memory.o                274
    rtx_mempool.o               230
    rtx_msgqueue.o            1'660
    rtx_mutex.o                 844
    rtx_system.o                372
    rtx_thread.o              2'056
    rtx_timer.o                 212
    -------------------------------------------------
    Total:                    6'924       13      165

dl7M_tln.a: [3]
    exit.o                        4
    low_level_init.o              4
    -------------------------------------------------
    Total:                        8

driverlib.a: [4]
    gpio.o                      602      408
    interrupt.o                 264               620
    sysctl.o                    672      588
    -------------------------------------------------
    Total:                    1'538      996      620

rt7M_tl.a: [5]
    ABImemclr.o                   6
    ABImemclr4.o                  6
    ABImemcpy.o                 166
    ABImemset.o                  94
    ABImemset48.o                50
    cexit.o                      10
    cmain.o                      30
    cstartup_M.o                 28
    data_init.o                  40
    packbits_init_single.o       58
    zero_init3.o                 56
    -------------------------------------------------
    Total:                      544

shb_l.a: [6]
    exit.o                       20
    -------------------------------------------------
    Total:                       20

    Gaps                         14        4        4
    Linker created                        32   32'768
-----------------------------------------------------
    Grand Total:             11'492    1'261   38'605


*******************************************************************************
*** ENTRY LIST
***

Entry                       Address    Size  Type      Object
-----                       -------    ----  ----      ------
.iar.init_table$$Base        0x3104           --   Gb  - Linker created -
.iar.init_table$$Limit       0x3124           --   Gb  - Linker created -
?main                        0x3125          Code  Gb  cmain.o [5]
ButtonInit                   0x252d    0x50  Code  Gb  driverbuttons.o [1]
ButtonIntDisable             0x25c1    0x30  Code  Gb  driverbuttons.o [1]
ButtonIntEnable              0x257d    0x44  Code  Gb  driverbuttons.o [1]
CSTACK$$Base            0x2000'1a70           --   Gb  - Linker created -
CSTACK$$Limit           0x2000'9a70           --   Gb  - Linker created -
EvrRtxDelayCompleted          0xba1     0x2  Code  Gb  rtx_evr.o [2]
EvrRtxDelayError             0x2a6b     0x2  Code  Gb  rtx_evr.o [2]
EvrRtxDelayUntil             0x2a6f     0x2  Code  Gb  rtx_evr.o [2]
EvrRtxDelayUntilStarted
                             0x2a6d     0x2  Code  Gb  rtx_evr.o [2]
EvrRtxEventFlagsWaitTimeout
                              0xba5     0x2  Code  Gb  rtx_evr.o [2]
EvrRtxKernelError            0x29a1     0x2  Code  Gb  rtx_evr.o [2]
EvrRtxKernelGetState         0x29e9     0x2  Code  Gb  rtx_evr.o [2]
EvrRtxKernelGetTickCount
                             0x2a69     0x2  Code  Gb  rtx_evr.o [2]
EvrRtxKernelInitialize       0x2a65     0x2  Code  Gb  rtx_evr.o [2]
EvrRtxKernelInitialized
                             0x29e7     0x2  Code  Gb  rtx_evr.o [2]
EvrRtxKernelStart            0x2a67     0x2  Code  Gb  rtx_evr.o [2]
EvrRtxKernelStarted          0x2a61     0x2  Code  Gb  rtx_evr.o [2]
EvrRtxMemoryAlloc            0x113b     0x2  Code  Gb  rtx_evr.o [2]
EvrRtxMemoryBlockAlloc       0x1137     0x2  Code  Gb  rtx_evr.o [2]
EvrRtxMemoryBlockFree        0x1139     0x2  Code  Gb  rtx_evr.o [2]
EvrRtxMemoryBlockInit        0x1135     0x2  Code  Gb  rtx_evr.o [2]
EvrRtxMemoryFree             0x116f     0x2  Code  Gb  rtx_evr.o [2]
EvrRtxMemoryInit             0x2a71     0x2  Code  Gb  rtx_evr.o [2]
EvrRtxMemoryPoolAllocTimeout
                              0xbab     0x2  Code  Gb  rtx_evr.o [2]
EvrRtxMessageQueueCreated
                             0x18b3     0x2  Code  Gb  rtx_evr.o [2]
EvrRtxMessageQueueError
                             0x18ab     0x2  Code  Gb  rtx_evr.o [2]
EvrRtxMessageQueueGet        0x1a3b     0x2  Code  Gb  rtx_evr.o [2]
EvrRtxMessageQueueGetCount
                             0x18bd     0x2  Code  Gb  rtx_evr.o [2]
EvrRtxMessageQueueGetPending
                             0x18b9     0x2  Code  Gb  rtx_evr.o [2]
EvrRtxMessageQueueGetTimeout
                              0xbad     0x2  Code  Gb  rtx_evr.o [2]
EvrRtxMessageQueueInsertPending
                             0x1a39     0x2  Code  Gb  rtx_evr.o [2]
EvrRtxMessageQueueInserted
                             0x18a7     0x2  Code  Gb  rtx_evr.o [2]
EvrRtxMessageQueueNew        0x18bf     0x2  Code  Gb  rtx_evr.o [2]
EvrRtxMessageQueueNotInserted
                             0x18b7     0x2  Code  Gb  rtx_evr.o [2]
EvrRtxMessageQueueNotRetrieved
                             0x18bb     0x2  Code  Gb  rtx_evr.o [2]
EvrRtxMessageQueuePut        0x18c1     0x2  Code  Gb  rtx_evr.o [2]
EvrRtxMessageQueuePutPending
                             0x18b5     0x2  Code  Gb  rtx_evr.o [2]
EvrRtxMessageQueuePutTimeout
                              0xbaf     0x2  Code  Gb  rtx_evr.o [2]
EvrRtxMessageQueueRetrieved
                             0x18a9     0x2  Code  Gb  rtx_evr.o [2]
EvrRtxMutexAcquire           0x117f     0x2  Code  Gb  rtx_evr.o [2]
EvrRtxMutexAcquirePending
                             0x1179     0x2  Code  Gb  rtx_evr.o [2]
EvrRtxMutexAcquireTimeout
                              0xba7     0x2  Code  Gb  rtx_evr.o [2]
EvrRtxMutexAcquired          0x1173     0x2  Code  Gb  rtx_evr.o [2]
EvrRtxMutexCreated           0x1177     0x2  Code  Gb  rtx_evr.o [2]
EvrRtxMutexError             0x1175     0x2  Code  Gb  rtx_evr.o [2]
EvrRtxMutexNew               0x117d     0x2  Code  Gb  rtx_evr.o [2]
EvrRtxMutexNotAcquired       0x117b     0x2  Code  Gb  rtx_evr.o [2]
EvrRtxMutexRelease           0x1181     0x2  Code  Gb  rtx_evr.o [2]
EvrRtxMutexReleased          0x1171     0x2  Code  Gb  rtx_evr.o [2]
EvrRtxSemaphoreAcquireTimeout
                              0xba9     0x2  Code  Gb  rtx_evr.o [2]
EvrRtxThreadBlocked           0xbdf     0x2  Code  Gb  rtx_evr.o [2]
EvrRtxThreadCreated           0xd8f     0x2  Code  Gb  rtx_evr.o [2]
EvrRtxThreadDestroyed        0x112b     0x2  Code  Gb  rtx_evr.o [2]
EvrRtxThreadError             0xd03     0x2  Code  Gb  rtx_evr.o [2]
EvrRtxThreadExit             0x1131     0x2  Code  Gb  rtx_evr.o [2]
EvrRtxThreadFlagsWaitCompleted
                              0xbe1     0x2  Code  Gb  rtx_evr.o [2]
EvrRtxThreadFlagsWaitTimeout
                              0xba3     0x2  Code  Gb  rtx_evr.o [2]
EvrRtxThreadJoined           0x1129     0x2  Code  Gb  rtx_evr.o [2]
EvrRtxThreadNew              0x112d     0x2  Code  Gb  rtx_evr.o [2]
EvrRtxThreadPreempted         0xbb3     0x2  Code  Gb  rtx_evr.o [2]
EvrRtxThreadSwitched          0xbdd     0x2  Code  Gb  rtx_evr.o [2]
EvrRtxThreadUnblocked         0xbb1     0x2  Code  Gb  rtx_evr.o [2]
EvrRtxThreadYield            0x112f     0x2  Code  Gb  rtx_evr.o [2]
EvrRtxTimerCallback          0x3029     0x2  Code  Gb  rtx_evr.o [2]
GPIODirModeSet               0x1e53    0x28  Code  Gb  gpio.o [4]
GPIOIntClear                 0x1fe5     0x8  Code  Gb  gpio.o [4]
GPIOIntDisable               0x1fcf     0x6  Code  Gb  gpio.o [4]
GPIOIntEnable                0x1fc9     0x6  Code  Gb  gpio.o [4]
GPIOIntRegister              0x1fed    0x14  Code  Gb  gpio.o [4]
GPIOIntStatus                0x1fd5    0x10  Code  Gb  gpio.o [4]
GPIOIntTypeSet               0x1e7b    0x4c  Code  Gb  gpio.o [4]
GPIOJ_Handler                0x1aa9    0x62  Code  Gb  prodcons.o [1]
GPIOPadConfigSet             0x1ec7   0x102  Code  Gb  gpio.o [4]
GPIOPinTypeGPIOInput         0x2015    0x14  Code  Gb  gpio.o [4]
GPIOPinTypeGPIOOutput        0x2029     0xa  Code  Gb  gpio.o [4]
GPIOPinWrite                 0x2009     0x8  Code  Gb  gpio.o [4]
IntDisable                   0x2675    0x52  Code  Gb  interrupt.o [4]
IntEnable                    0x2621    0x52  Code  Gb  interrupt.o [4]
IntRegister                  0x25f9    0x28  Code  Gb  interrupt.o [4]
LEDInit                      0x2071    0xac  Code  Gb  driverleds.o [1]
LEDOff                       0x215f    0x38  Code  Gb  driverleds.o [1]
LEDOn                        0x2125    0x3a  Code  Gb  driverleds.o [1]
MessageQueueGet              0x11d1    0x40  Code  Lc  rtx_msgqueue.o [2]
MessageQueuePut              0x1185    0x4a  Code  Lc  rtx_msgqueue.o [2]
MessageQueueRemove           0x1211    0x1a  Code  Lc  rtx_msgqueue.o [2]
OS_Tick_AcknowledgeIRQ       0x1a9d     0xc  Code  Gb  os_systick.o [2]
OS_Tick_Enable               0x2a35    0x2c  Code  Gb  os_systick.o [2]
OS_Tick_GetIRQn              0x2a2d     0x6  Code  Gb  os_systick.o [2]
OS_Tick_Setup                0x29ed    0x40  Code  Gb  os_systick.o [2]
PendST                  0x2000'145c     0x1  Data  Lc  os_systick.o [2]
PendSV_Handler               0x2e55          Code  Gb  irq_cm4f.o [2]
Region$$Table$$Base          0x3104           --   Gb  - Linker created -
Region$$Table$$Limit         0x3124           --   Gb  - Linker created -
SVC_Handler                  0x2dbd          Code  Gb  irq_cm4f.o [2]
SysCtlClockFreqSet           0x2763   0x1fc  Code  Gb  sysctl.o [4]
SysCtlPeripheralEnable       0x2745     0x8  Code  Gb  sysctl.o [4]
SysCtlPeripheralReady        0x2723     0x8  Code  Gb  sysctl.o [4]
SysTick_Handler              0x2e65          Code  Gb  irq_cm4f.o [2]
SystemCoreClock         0x2000'1a6c     0x4  Data  Gb  system_TM4C1294_TW.o [1]
SystemInit                   0x2501    0x1a  Code  Gb  system_TM4C1294_TW.o [1]
ThreadFlagsCheck              0x3c1    0x6c  Code  Lc  rtx_thread.o [2]
TimerInsert                  0x2e81    0x38  Code  Lc  rtx_timer.o [2]
_GPIOIntNumberGet            0x1e15    0x3e  Code  Lc  gpio.o [4]
_SysCtlMemTimingGet          0x2701    0x22  Code  Lc  sysctl.o [4]
__Vectors                       0x0           --   Gb  startup_TM4C1294.o [1]
__Vectors_End                 0x3c0          Data  Gb  startup_TM4C1294.o [1]
__Vectors_Size {Abs}          0x3c0           --   Gb  startup_TM4C1294.o [1]
__aeabi_memclr               0x18ad          Code  Gb  ABImemclr.o [5]
__aeabi_memclr4               0xd89          Code  Gb  ABImemclr4.o [5]
__aeabi_memcpy               0x1801          Code  Gb  ABImemcpy.o [5]
__aeabi_memcpy4              0x1821          Code  Gb  ABImemcpy.o [5]
__aeabi_memcpy8              0x1821          Code  Gb  ABImemcpy.o [5]
__cmain                      0x3125          Code  Gb  cmain.o [5]
__exit                       0x3159    0x14  Code  Gb  exit.o [6]
__iar_Memset4_word           0x113d          Code  Gb  ABImemset48.o [5]
__iar_Memset8_word           0x113d          Code  Gb  ABImemset48.o [5]
__iar_Memset_word            0x1a3d          Code  Gb  ABImemset.o [5]
__iar_data_init3             0x3095    0x28  Code  Gb  data_init.o [5]
__iar_init_vfp               0x3191          Code  Wk  startup_TM4C1294.o [1]
__iar_packbits_init_single3
                              0xbe3    0x3a  Code  Gb  packbits_init_single.o [5]
__iar_program_start          0x316d          Code  Gb  cstartup_M.o [5]
__iar_zero_init3             0x302b    0x38  Code  Gb  zero_init3.o [5]
__low_level_init             0x3143     0x4  Code  Gb  low_level_init.o [3]
__vector_table                  0x0          Data  Gb  startup_TM4C1294.o [1]
__vector_table_0x1c            0x1c          Data  Gb  startup_TM4C1294.o [1]
_call_main                   0x3131          Code  Gb  cmain.o [5]
_exit                        0x314d          Code  Gb  cexit.o [5]
acionadora                   0x1be5    0xb8  Code  Gb  prodcons.o [1]
controladora                 0x1b0d    0xce  Code  Gb  prodcons.o [1]
controladora_id         0x2000'1304     0x4  Data  Gb  prodcons.o [1]
exit                         0x3147     0x4  Code  Gb  exit.o [3]
filaAcionadora_id       0x2000'12b8    0x10  Data  Gb  prodcons.o [1]
filaControladora_id     0x2000'1308     0x4  Data  Gb  prodcons.o [1]
g_pfnRAMVectors         0x2000'1800   0x26c  Data  Lc  interrupt.o [4]
g_pppui32XTALtoVCO           0x2a74   0x1b0  Data  Lc  sysctl.o [4]
g_ppui32GPIOIntMapBlizzard
                             0x2c24    0xc0  Data  Lc  gpio.o [4]
g_ppui32GPIOIntMapSnowflake
                             0x2ce4    0xd8  Data  Lc  gpio.o [4]
g_pui32Dii16Regs             0x26ec    0x14  Data  Lc  interrupt.o [4]
g_pui32EnRegs                0x26d8    0x14  Data  Lc  interrupt.o [4]
g_pui32VCOFrequencies        0x2998     0x8  Data  Lc  sysctl.o [4]
g_pui32Xtals                 0x2f10    0x6c  Data  Lc  sysctl.o [4]
g_sXTALtoMEMTIM              0x3064    0x30  Data  Lc  sysctl.o [4]
initLedBotao                 0x1dcb    0x26  Code  Gb  prodcons.o [1]
led1                    0x2000'12c8     0xc  Data  Gb  prodcons.o [1]
led2                    0x2000'12d4     0xc  Data  Gb  prodcons.o [1]
led3                    0x2000'12e0     0xc  Data  Gb  prodcons.o [1]
led4                    0x2000'12ec     0xc  Data  Gb  prodcons.o [1]
ledAnterior             0x2000'12f8     0xc  Data  Gb  prodcons.o [1]
main                         0x1d09    0xb2  Code  Gb  prodcons.o [1]
main::Mutex_attr             0x1e04    0x10  Data  Lc  prodcons.o [1]
mutexLed                0x2000'130c     0x4  Data  Gb  prodcons.o [1]
osDelayUntil                 0x24c1    0x38  Code  Gb  rtx_delay.o [2]
osKernelGetState             0x23b9    0x40  Code  Gb  rtx_kernel.o [2]
osKernelGetTickCount         0x242d    0x20  Code  Gb  rtx_kernel.o [2]
osKernelInitialize           0x2381    0x38  Code  Gb  rtx_kernel.o [2]
osKernelStart                0x23f9    0x34  Code  Gb  rtx_kernel.o [2]
osMessageQueueGet            0x1719    0x90  Code  Gb  rtx_msgqueue.o [2]
osMessageQueueGetCount       0x17a9    0x38  Code  Gb  rtx_msgqueue.o [2]
osMessageQueueNew            0x1641    0x3e  Code  Gb  rtx_msgqueue.o [2]
osMessageQueuePut            0x1681    0x98  Code  Gb  rtx_msgqueue.o [2]
osMutexAcquire               0x1099    0x3e  Code  Gb  rtx_mutex.o [2]
osMutexNew                   0x1061    0x36  Code  Gb  rtx_mutex.o [2]
osMutexRelease               0x10d9    0x3a  Code  Gb  rtx_mutex.o [2]
osRtxConfig                  0x2f7c    0x68  Data  Gb  rtx_lib.o [1]
osRtxErrorNotify             0x1133     0x2  Code  Gb  RTX_Config.o [1]
osRtxIdleThread               0xddb     0x2  Code  Gb  RTX_Config.o [1]
osRtxInfo               0x2000'0000    0xa4  Data  Gb  rtx_kernel.o [2]
osRtxKernelPreInit           0x2a63     0x2  Code  Gb  rtx_lib.o [1]
osRtxMemoryAlloc              0xd05    0x84  Code  Gb  rtx_memory.o [2]
osRtxMemoryFree               0xd91    0x4a  Code  Gb  rtx_memory.o [2]
osRtxMemoryInit              0x29a3    0x44  Code  Gb  rtx_memory.o [2]
osRtxMemoryPoolAlloc          0xc69    0x44  Code  Gb  rtx_mempool.o [2]
osRtxMemoryPoolFree           0xcad    0x56  Code  Gb  rtx_mempool.o [2]
osRtxMemoryPoolInit           0xc1d    0x4a  Code  Gb  rtx_mempool.o [2]
osRtxMessageQueuePostProcess
                             0x122b    0xe6  Code  Lc  rtx_msgqueue.o [2]
osRtxMutexOwnerRelease        0xddd    0x52  Code  Gb  rtx_mutex.o [2]
osRtxPendSV_Handler          0x1935    0x8a  Code  Gb  rtx_system.o [2]
osRtxPostProcess             0x19c1    0x6e  Code  Gb  rtx_system.o [2]
osRtxThreadBlock              0x64b    0x34  Code  Lc  rtx_thread.o [2]
osRtxThreadDelayInsert        0x4a3    0x62  Code  Lc  rtx_thread.o [2]
osRtxThreadDelayRemove        0x505    0x44  Code  Lc  rtx_thread.o [2]
osRtxThreadDelayTick          0x549    0xee  Code  Gb  rtx_thread.o [2]
osRtxThreadDispatch           0x69b    0x54  Code  Gb  rtx_thread.o [2]
osRtxThreadFree               0x9cb    0x56  Code  Lc  rtx_thread.o [2]
osRtxThreadListGet            0x44f    0x14  Code  Gb  rtx_thread.o [2]
osRtxThreadListPut            0x42d    0x22  Code  Gb  rtx_thread.o [2]
osRtxThreadListRemove         0x485    0x16  Code  Gb  rtx_thread.o [2]
osRtxThreadListSort           0x463    0x22  Code  Gb  rtx_thread.o [2]
osRtxThreadPostProcess        0x763    0x54  Code  Lc  rtx_thread.o [2]
osRtxThreadReadyPut           0x49b     0x8  Code  Gb  rtx_thread.o [2]
osRtxThreadRegPtr             0x637    0x14  Code  Gb  rtx_thread.o [2]
osRtxThreadStackCheck         0xbb5    0x28  Code  Gb  rtx_thread.o [2]
osRtxThreadStartup            0xab5    0x30  Code  Gb  rtx_thread.o [2]
osRtxThreadSwitch             0x67f    0x1c  Code  Gb  rtx_thread.o [2]
osRtxThreadWaitEnter          0x729    0x3a  Code  Gb  rtx_thread.o [2]
osRtxThreadWaitExit           0x6f5    0x2e  Code  Gb  rtx_thread.o [2]
osRtxTick_Handler            0x18c5    0x6e  Code  Gb  rtx_system.o [2]
osRtxTimerThread             0x2fe5    0x44  Code  Gb  rtx_timer.o [2]
osRtxTimerTick               0x2eb9    0x54  Code  Lc  rtx_timer.o [2]
osRtxUserSVC                 0x31c0     0x4  Data  Gb  rtx_lib.o [1]
osThreadExit                  0xb69    0x16  Code  Gb  rtx_thread.o [2]
osThreadNew                   0xae9    0x40  Code  Gb  rtx_thread.o [2]
osThreadYield                 0xb2d    0x36  Code  Gb  rtx_thread.o [2]
os_idle_thread_attr          0x30bc    0x24  Data  Lc  rtx_lib.o [1]
os_idle_thread_cb       0x2000'1360    0x44  Data  Lc  rtx_lib.o [1]
os_idle_thread_stack    0x2000'10a8   0x100  Data  Lc  rtx_lib.o [1]
os_isr_queue            0x2000'13e8    0x40  Data  Lc  rtx_lib.o [1]
os_mem                  0x2000'00a8  0x1000  Data  Lc  rtx_lib.o [1]
os_timer_mq_attr             0x319c    0x18  Data  Lc  rtx_lib.o [1]
os_timer_mq_cb          0x2000'1428    0x34  Data  Lc  rtx_lib.o [1]
os_timer_mq_data        0x2000'1310    0x50  Data  Lc  rtx_lib.o [1]
os_timer_thread_attr         0x30e0    0x24  Data  Lc  rtx_lib.o [1]
os_timer_thread_cb      0x2000'13a4    0x44  Data  Lc  rtx_lib.o [1]
os_timer_thread_stack   0x2000'11a8   0x100  Data  Lc  rtx_lib.o [1]
svcRtxDelayUntil             0x2485    0x3c  Code  Lc  rtx_delay.o [2]
svcRtxKernelGetState         0x22d3    0x12  Code  Lc  rtx_kernel.o [2]
svcRtxKernelGetTickCount
                             0x237b     0x4  Code  Lc  rtx_kernel.o [2]
svcRtxKernelInitialize       0x21bd   0x116  Code  Lc  rtx_kernel.o [2]
svcRtxKernelStart            0x22e5    0x96  Code  Lc  rtx_kernel.o [2]
svcRtxMessageQueueGet        0x1515    0xe8  Code  Lc  rtx_msgqueue.o [2]
svcRtxMessageQueueGetCount
                             0x1625    0x12  Code  Lc  rtx_msgqueue.o [2]
svcRtxMessageQueueNew        0x1311   0x130  Code  Lc  rtx_msgqueue.o [2]
svcRtxMessageQueuePut        0x1441    0xd4  Code  Lc  rtx_msgqueue.o [2]
svcRtxMutexAcquire            0xead    0xd2  Code  Lc  rtx_mutex.o [2]
svcRtxMutexNew                0xe2f    0x7e  Code  Lc  rtx_mutex.o [2]
svcRtxMutexRelease            0xf7f    0xd6  Code  Lc  rtx_mutex.o [2]
svcRtxThreadExit              0xa21    0x8e  Code  Lc  rtx_thread.o [2]
svcRtxThreadNew               0x7b7   0x1cc  Code  Lc  rtx_thread.o [2]
svcRtxThreadYield             0x989    0x42  Code  Lc  rtx_thread.o [2]
threadLED               0x2000'12a8    0x10  Data  Gb  prodcons.o [1]


[1] = C:\Users\Usuario\Desktop\Projetos_TIVA\TM4C1294_RTOS_IAR9-main - aula 6\TM4C1294_RTOS_IAR9-main - aula 6\Projects\prodcons\ewarm\Obj
[2] = RTX_CM.a
[3] = dl7M_tln.a
[4] = driverlib.a
[5] = rt7M_tl.a
[6] = shb_l.a

  11'492 bytes of readonly  code memory
   1'261 bytes of readonly  data memory
  38'605 bytes of readwrite data memory

Errors: none
Warnings: none
